// Jest Snapshot v1, https://goo.gl/fbAQLP

exports[`renders without crashing 1`] = `
<button
  className="btn"
  disabled={false}
  onClick={[Function]}
  type="button"
/>
`;
